// Jest Snapshot v1, https://goo.gl/fbAQLP

exports[`Cart checkout() should return an object with the total and the list of items 1`] = `
Object {
  "items": Array [
    Object {
      "product": Object {
        "price": 35388,
        "title": "Adidas running shoes - men 41",
      },
      "quantity": 5,
    },
    Object {
      "product": Object {
        "price": 41872,
        "title": "Adidas running shoes - women 39",
      },
      "quantity": 3,
    },
  ],
  "total": 302556,
}
`;

exports[`Cart checkout() should return an object with the total and the list of items 2`] = `
Object {
  "items": Array [
    Object {
      "product": Object {
        "price": 35388,
        "title": "Adidas running shoes - men 41",
      },
      "quantity": 5,
    },
    Object {
      "product": Object {
        "price": 41872,
        "title": "Adidas running shoes - women 39",
      },
      "quantity": 3,
    },
  ],
  "total": Object {
    "amount": 302556,
    "currency": "BRL",
    "precision": 2,
  },
}
`;
